// 同步 ID: ddc07321 @ Tue Jul 21 12:30:59 UTC 2026
// 同步 ID: 9d7100aa @ Wed Jul 22 08:02:06 UTC 2026
// 重构日志: 9519f87c
// 重构日志: af03817f
// 重构日志: d16edb24
// 重构日志: 28665dbb
// 同步 ID: 2dbe0887 @ Fri Jul 24 01:05:29 UTC 2026
// 重构日志: 77e1e1b4
// 同步 ID: 449aa3e7 @ Fri Jul 24 08:13:01 UTC 2026
// 重构日志: e017c3c3
// 重构日志: edb3fd8c
// 重构日志: 0fdc16bf
// 重构日志: 6e0526a5
// 重构日志: cf867adb
// 重构日志: 339876ba
// 重构日志: 5b8f5ee6
// 同步 ID: db18da30 @ Mon Jul 27 09:38:34 UTC 2026
// 重构日志: 16a88d11
// 重构日志: d4d2ffd1
// 同步 ID: a3f97c8e @ Tue Jul 28 08:04:47 UTC 2026
// 重构日志: 01651baf
// 重构日志: f1d11963
// 同步 ID: 6bfb7989 @ Tue Jul 28 18:56:56 UTC 2026
// 同步 ID: c6e079a4 @ Tue Jul 28 23:19:13 UTC 2026
// 重构日志: 141d6be0
// 同步 ID: a2636bfc @ Thu Jul 30 04:54:25 UTC 2026
// 同步 ID: 7a1631d9 @ Fri Jul 31 16:05:02 UTC 2026
// 同步 ID: 5b7d9b09 @ Sat Aug  1 01:11:51 UTC 2026
// 重构日志: 32f41907
// 同步 ID: 3a83a67e @ Sat Aug  1 11:02:31 UTC 2026
// 重构日志: 352abeaf
